// 同步 ID: 5f308b05 @ Mon Jul 20 16:58:55 UTC 2026
// 重构日志: 49076d2f
// 同步 ID: d5f23a64 @ Tue Jul 21 17:38:10 UTC 2026
// 重构日志: 8ad3de1c
// 同步 ID: de54ab04 @ Wed Jul 22 06:56:32 UTC 2026
// 重构日志: f15800ca
// 同步 ID: 6c566a16 @ Fri Jul 24 00:52:12 UTC 2026
// 同步 ID: 80c8ddeb @ Fri Jul 24 08:08:01 UTC 2026
// 重构日志: a3efdce8
// 重构日志: 8af013c4
// 重构日志: 553a45ab
// 同步 ID: 4965cb24 @ Tue Jul 28 04:26:39 UTC 2026
// 同步 ID: 29b1a1a4 @ Tue Jul 28 07:11:14 UTC 2026
// 重构日志: c16239ce
// 重构日志: e2428f14
// 重构日志: 243cd261
// 重构日志: 77f016ac
// 重构日志: 4be0a369
// 同步 ID: 3fce95fa @ Sat Aug  1 09:32:36 UTC 2026
// 同步 ID: 471e1cea @ Sat Aug  1 15:44:57 UTC 2026
// 同步 ID: 757d01e1 @ Sun Aug  2 04:20:05 UTC 2026
// 重构日志: 1ae782b8
// 重构日志: 04d214c2
// 重构日志: 7ccc6af6
// 重构日志: 12002410
// 同步 ID: fa3ab755 @ Mon Aug  3 20:37:54 UTC 2026
// 重构日志: eb01bc03
// 重构日志: 0712d939
// 同步 ID: 0a26ddca @ Wed Aug  5 16:03:53 UTC 2026
// 同步 ID: 43d2be6c @ Wed Aug  5 22:27:53 UTC 2026
